[aiesec.jp/indexc73a.html]
[backblue.gif]
[fade.gif]
[index.html]
[aiesec.jp/images/ogp.png]
[aiesec.jp/favicon.ico]
[aiesec.jp/_nuxt/fdbeb14.js]
[aiesec.jp/_nuxt/0720aa7.js]
[aiesec.jp/_nuxt/a06ddf8.js]
[aiesec.jp/_nuxt/6337782.js]
[aiesec.jp/_nuxt/9d1906c.js]
[aiesec.jp/_nuxt/15f3466.js]
[aiesec.jp/_nuxt/img/top-kv.049e9f7.png]
[aiesec.jp/_nuxt/img/top-about.e7be892.png]
[aiesec.jp/_nuxt/fonts/TsukuGo Pro-B.2759183.otf]
[aiesec.jp/_nuxt/img/outgoingTop.87276fa.png]
[aiesec.jp/_nuxt/img/GlobalYouthDialogueTop.70ed8b4.png]
[aiesec.jp/_nuxt/img/incomingTop.01b2790.png]
[aiesec.jp/_nuxt/img/for-companyTop.004a4f7.png]
[aiesec.jp/_nuxt/img/slide1.e94fb4b.jpg]
[aiesec.jp/_nuxt/img/slide6.2fb824c.jpg]
[aiesec.jp/_nuxt/img/slide3.36138da.jpg]
[aiesec.jp/_nuxt/img/instagram-icon.7ddcd19.svg]
[aiesec.jp/_nuxt/img/x-icon.24dfa11.svg]
[aiesec.jp/_nuxt/img/note-icon.e8acc09.svg]
[aiesec.jp/about/index.html]
[aiesec.jp/news/0014/index.html]
[aiesec.jp/outgoing/index.html]
[aiesec.jp/for-company/index.html]
[aiesec.jp/incoming/index.html]
[aiesec.jp/global-youth-dialogue/index.html]
[aiesec.jp/news/index.html]
[aiesec.jp/news/0013/index.html]
[aiesec.jp/news/0012/index.html]
[aiesec.jp/news/0011/index.html]
[aiesec.jp/_nuxt/img/accenture.2f5f894.png]
[aiesec.jp/news/0010/index.html]
[aiesec.jp/_nuxt/img/aus-be.9bc180f.png]
[aiesec.jp/_nuxt/img/visional.8efc4a2.png]
[aiesec.jp/_nuxt/img/beyondcafe.a48d31a.png]
[aiesec.jp/_nuxt/img/freewill.7cd27dd.png]
[aiesec.jp/_nuxt/img/moneyforward.f5e0e5d.png]
[aiesec.jp/_nuxt/img/rechroma.ed00e08.jpg]
[aiesec.jp/_nuxt/img/litalico.8d827ec.jpg]
[aiesec.jp/_nuxt/img/leverages.7f0ac4d.png]
[aiesec.jp/contact/student/index.html]
[aiesec.jp/contact/company/index.html]
[aiesec.jp/_nuxt/img/white-black-logo.051efef.svg]
[aiesec.jp/contact/alumni/index.html]
[aiesec.jp/index.html]
[aiesec.jp/organization/index.html]
[aiesec.jp/message/index.html]
[aiesec.jp/our-story/index.html]
[aiesec.jp/annual-report/index.html]
[aiesec.jp/safety/index.html]
[aiesec.jp/privacy-policy/index.html]
[aiesec.jp/site-policy/index.html]
[aiesec.jp/recruit/index.html]
[aiesec.jp/indexc73a.html]
[aiesec.jp/_nuxt/img/instagram-icon.7ddcd19.svg]
[aiesec.jp/_nuxt/img/x-icon.24dfa11.svg]
[aiesec.jp/_nuxt/img/note-icon.e8acc09.svg]
[aiesec.jp/donation/index.html]
[aiesec.jp/_nuxt/0c4d4be.js]
[aiesec.jp/_nuxt/img/news0014_1.1c7c14c.jpg]
[aiesec.jp/news/0014/index.html]
[aiesec.jp/_nuxt/img/map.3502a3b.svg]
[aiesec.jp/_nuxt/img/handshake.cf1675a.svg]
[aiesec.jp/_nuxt/img/visa.6d8bd7f.svg]
[aiesec.jp/_nuxt/img/why.758263e.png]
[aiesec.jp/_nuxt/img/what.a3e2ee4.png]
[aiesec.jp/_nuxt/img/how.1ec06dd.png]
[aiesec.jp/about/index.html]
[aiesec.jp/_nuxt/83bf55f.js]
[aiesec.jp/_nuxt/img/outgoingImages1.a9d5135.png]
[aiesec.jp/_nuxt/img/outgoingImages2.3c14e88.png]
[aiesec.jp/_nuxt/img/outgoingVoice1.fbc59a2.png]
[aiesec.jp/_nuxt/img/outgoingVoice2.cc41e5e.png]
[aiesec.jp/_nuxt/img/outgoingVoice3.3c67213.png]
[aiesec.jp/_nuxt/img/outgoingVoice4.058c182.png]
[aiesec.jp/_nuxt/img/outgoingVoice5.d2c4e79.png]
[aiesec.jp/_nuxt/img/outgoingVoice6.50585a8.png]
[aiesec.jp/_nuxt/img/outgoingContact.a52b109.png]
[aiesec.jp/outgoing/index.html]
[aiesec.jp/lp/outgoing/index.html]
[aiesec.jp/_nuxt/713f256.js]
[aiesec.jp/_nuxt/img/global-youth-dialogue-logo-blue.9f170f8.svg]
[aiesec.jp/_nuxt/img/notification.53f3cd0.svg]
[aiesec.jp/_nuxt/img/typing.10b8d7a.svg]
[aiesec.jp/_nuxt/img/message.f8a4bcd.svg]
[aiesec.jp/_nuxt/img/voice1.78df2a4.png]
[aiesec.jp/_nuxt/img/voice2.8b91f39.png]
[aiesec.jp/_nuxt/img/voice3.1aa0ceb.png]
[aiesec.jp/global-youth-dialogue/index.html]
[aiesec.jp/_nuxt/e99b289.js]
[aiesec.jp/_nuxt/img/incomingImages1.3b1eb60.png]
[aiesec.jp/_nuxt/img/incomingImages2.9cf0948.png]
[aiesec.jp/_nuxt/img/incomingVoice1.35076d3.png]
[aiesec.jp/_nuxt/img/incomingVoice2.7f906d5.png]
[aiesec.jp/_nuxt/img/incomingVoice3.70b1527.png]
[aiesec.jp/_nuxt/img/incomingContact.9d4c0a2.png]
[aiesec.jp/incoming/index.html]
[aiesec.jp/lp/incoming/index.html]
[aiesec.jp/download/index.html]
[aiesec.jp/_nuxt/a5129d7.js]
[aiesec.jp/_nuxt/18a2a31.js]
[aiesec.jp/_nuxt/8a6cfad.js]
[aiesec.jp/for-company/index.html]
[aiesec.jp/_nuxt/eb14b36.js]
[aiesec.jp/_nuxt/fa62676.js]
[aiesec.jp/_nuxt/img/privacy-policyTop.7095f06.jpg]
[aiesec.jp/news/0009/index.html]
[aiesec.jp/news/index.html]
[aiesec.jp/news/0008/index.html]
[aiesec.jp/_nuxt/0919d47.js]
[aiesec.jp/news/0013/index.html]
[aiesec.jp/_nuxt/0dff089.js]
[aiesec.jp/news/0012/index.html]
[aiesec.jp/_nuxt/a41e70b.js]
[aiesec.jp/news/0011/index.html]
[aiesec.jp/news/0007/index.html]
[aiesec.jp/_nuxt/2c9611a.js]
[aiesec.jp/_nuxt/img/news0010_1.02752da.jpg]
[aiesec.jp/_nuxt/img/news0010_2.cbcf31b.jpg]
[aiesec.jp/_nuxt/img/news0010_3.ad1ff98.jpg]
[aiesec.jp/_nuxt/img/news0010_4.7e1ac9e.jpg]
[aiesec.jp/_nuxt/img/news0010_5.0bcfe86.jpg]
[aiesec.jp/_nuxt/img/news0010_6.5ac6f2f.jpg]
[aiesec.jp/news/0010/index.html]
[aiesec.jp/contact/student/index.html]
[aiesec.jp/_nuxt/1ec27e0.js]
[aiesec.jp/contact/company/index.html]
[aiesec.jp/_nuxt/101c1d1.js]
[aiesec.jp/_nuxt/d70c9cf.js]
[aiesec.jp/contact/alumni/index.html]
[aiesec.jp/_nuxt/img/white-black-logo.051efef.svg]
[aiesec.jp/index.html]
[aiesec.jp/organization/index.html]
[aiesec.jp/_nuxt/779c601.js]
[aiesec.jp/_nuxt/5c43f15.js]
[aiesec.jp/_nuxt/img/message.179b918.jpg]
[aiesec.jp/_nuxt/img/message_sp.7746cf0.jpg]
[aiesec.jp/message/index.html]
[aiesec.jp/_nuxt/1088702.js]
[aiesec.jp/_nuxt/img/button-allow.6b5de9d.svg]
[aiesec.jp/_nuxt/img/our-story1.6ab9a15.png]
[aiesec.jp/_nuxt/img/our-story2.9a845ed.png]
[aiesec.jp/_nuxt/img/our-story3.3a2a567.png]
[aiesec.jp/_nuxt/img/our-story4.ead6731.png]
[aiesec.jp/_nuxt/img/our-story5.49b7b09.png]
[aiesec.jp/_nuxt/img/our-story6.d79ad80.png]
[aiesec.jp/_nuxt/img/our-story7.c1b914e.png]
[aiesec.jp/our-story/index.html]
[aiesec.jp/_nuxt/a04d974.js]
[aiesec.jp/_nuxt/72e038b.js]
[aiesec.jp/_nuxt/img/ar2023.1475ee5.png]
[aiesec.jp/_nuxt/img/ar2022.2cb27e7.png]
[aiesec.jp/_nuxt/img/ar2021.3720ab3.png]
[aiesec.jp/_nuxt/img/br2020.ed46585.jpg]
[aiesec.jp/_nuxt/img/ar2019.2cd0ced.png]
[aiesec.jp/_nuxt/img/ar2018.a960b81.png]
[aiesec.jp/annual-report/index.html]
[aiesec.jp/_nuxt/90f288b.js]
[aiesec.jp/_nuxt/img/saferyTop.c9b8100.jpg]
[aiesec.jp/safety/index.html]
[aiesec.jp/_nuxt/5369135.js]
[aiesec.jp/privacy-policy/index.html]
[aiesec.jp/safety/final/index.html]
[aiesec.jp/_nuxt/249bef9.js]
[aiesec.jp/site-policy/index.html]
[aiesec.jp/_nuxt/64c9491.js]
[aiesec.jp/_nuxt/8e9c853.js]
[aiesec.jp/_nuxt/img/recruitTop.c5ed6ab.png]
[aiesec.jp/_nuxt/img/ogv-logo.cc208bf.svg]
[aiesec.jp/_nuxt/img/recruitOutgoing1.c8413bd.png]
[aiesec.jp/_nuxt/img/recruitOutgoing2.4d0242b.png]
[aiesec.jp/_nuxt/img/recruitOutgoing3.a562fd2.png]
[aiesec.jp/_nuxt/img/igta-logo.b8d0a35.svg]
[aiesec.jp/_nuxt/img/recruitIncoming1.a5b8514.png]
[aiesec.jp/_nuxt/img/recruitIncoming2.b4a2028.png]
[aiesec.jp/_nuxt/img/recruitIncoming3.050d939.png]
[aiesec.jp/recruit/index.html]
[aiesec.jp/_nuxt/img/x-colorLogo.3fab58e.svg]
[aiesec.jp/_nuxt/img/instagram-colorLogo.395c5f6.svg]
[aiesec.jp/_nuxt/31460c4.js]
[aiesec.jp/donation/index.html]
[aiesec.jp/_nuxt/img/donationTop.fa2fcd6.png]
[aiesec.jp/_nuxt/img/map.3502a3b.svg]
[aiesec.jp/_nuxt/img/handshake.cf1675a.svg]
[aiesec.jp/_nuxt/img/visa.6d8bd7f.svg]
[aiesec.jp/lp/outgoing/assets/img/favicon.ico]
[aiesec.jp/lp/outgoing/assets/img/apple-touch-icon.png]
[aiesec.jp/lp/outgoing/assets/css/style.css]
[aiesec.jp/lp/outgoing/assets/img/header.png]
[aiesec.jp/lp/outgoing/assets/img/aiesecblue.png]
[aiesec.jp/lp/outgoing/assets/img/kv1.png]
[aiesec.jp/lp/outgoing/assets/img/kv2.png]
[aiesec.jp/lp/outgoing/assets/img/kv3.png]
[aiesec.jp/lp/outgoing/assets/img/kv4.png]
[aiesec.jp/lp/outgoing/assets/img/kv5.png]
[aiesec.jp/lp/outgoing/assets/img/sp_KV.png]
[aiesec.jp/lp/outgoing/assets/img/text_kv.png]
[aiesec.jp/lp/outgoing/assets/img/about.png]
[aiesec.jp/lp/outgoing/assets/img/sp_about.png]
[aiesec.jp/lp/outgoing/assets/img/feature.png]
[aiesec.jp/lp/outgoing/assets/img/sp_feature.png]
[aiesec.jp/lp/outgoing/assets/img/project.png]
[aiesec.jp/lp/outgoing/assets/img/sp_project.png]
[aiesec.jp/lp/outgoing/assets/img/project_m1.png]
[aiesec.jp/lp/outgoing/assets/img/project_m2.png]
[aiesec.jp/lp/outgoing/assets/img/project_m3.png]
[aiesec.jp/lp/outgoing/assets/img/project_m4.png]
[aiesec.jp/lp/outgoing/assets/img/project_m5.png]
[aiesec.jp/lp/outgoing/assets/img/project_m6.png]
[aiesec.jp/lp/outgoing/assets/img/sp_project_m1.png]
[aiesec.jp/lp/outgoing/assets/img/sp_project_m3.png]
[aiesec.jp/lp/outgoing/assets/img/sp_project_m5.png]
[aiesec.jp/lp/outgoing/assets/img/sp_project_m4.png]
[aiesec.jp/lp/outgoing/jp/project.html]
[aiesec.jp/lp/outgoing/assets/img/testimonials.png]
[aiesec.jp/lp/outgoing/assets/img/sp_testimonials.png]
[aiesec.jp/lp/outgoing/assets/img/testimonial_m6.png]
[aiesec.jp/lp/outgoing/assets/img/testimonial_m3.png]
[aiesec.jp/lp/outgoing/assets/img/testimonial_m4.png]
[aiesec.jp/lp/outgoing/assets/img/sp_testimonial_m2.png]
[aiesec.jp/lp/outgoing/assets/img/sp_testimonial_m3.png]
[aiesec.jp/lp/outgoing/assets/img/sp_testimonial_m5.png]
[aiesec.jp/lp/outgoing/assets/img/sp_testimonial_m6.png]
[aiesec.jp/lp/outgoing/jp/testimonials.html]
[aiesec.jp/lp/outgoing/assets/img/safety.png]
[aiesec.jp/lp/outgoing/assets/img/sp_safety.png]
[aiesec.jp/lp/outgoing/assets/img/apply.png]
[aiesec.jp/lp/outgoing/assets/img/sp_apply.png]
[aiesec.jp/lp/outgoing/assets/img/organization.png]
[aiesec.jp/lp/outgoing/assets/img/sp_organization.png]
[aiesec.jp/lp/outgoing/assets/img/text_faq.png]
[aiesec.jp/lp/outgoing/assets/img/sp_text_faq.png]
[aiesec.jp/lp/outgoing/assets/img/q_icon.png]
[aiesec.jp/lp/outgoing/assets/img/a_icon.png]
[aiesec.jp/lp/outgoing/assets/img/cv.html]
[aiesec.jp/lp/outgoing/assets/img/sp_cv.png]
[aiesec.jp/lp/outgoing/assets/js/script.js]
[aiesec.jp/lp/outgoing/index.html]
[aiesec.jp/_nuxt/img/global-youth-dialogue-logo-blue.9f170f8.svg]
[aiesec.jp/_nuxt/img/notification.53f3cd0.svg]
[aiesec.jp/_nuxt/img/typing.10b8d7a.svg]
[aiesec.jp/_nuxt/img/message.f8a4bcd.svg]
[aiesec.jp/_nuxt/5fdf45a.js]
[aiesec.jp/_nuxt/14c5b23.js]
[aiesec.jp/download/index.html]
[aiesec.jp/lp/incoming/assets/css/style.css]
[aiesec.jp/lp/incoming/assets/css/style2.css]
[aiesec.jp/lp/incoming/assets/img/favicon.ico]
[aiesec.jp/lp/incoming/assets/img/apple-touch-icon.png]
[aiesec.jp/lp/incoming/assets/img/messageImage.png]
[aiesec.jp/lp/incoming/assets/img/image_2.jpg]
[aiesec.jp/lp/incoming/assets/img/image_3.jpg]
[aiesec.jp/lp/incoming/assets/img/image_4.jpg]
[aiesec.jp/lp/incoming/assets/img/image_5.jpg]
[aiesec.jp/lp/incoming/assets/img/messageImage_1692623160738.jpg]
[aiesec.jp/lp/incoming/assets/img/messageImage_1693714976089.jpg]
[aiesec.jp/lp/incoming/assets/img/heading (1).png]
[aiesec.jp/lp/incoming/assets/img/Frame 3900.png]
[aiesec.jp/lp/incoming/assets/img/Frame 4063.png]
[aiesec.jp/lp/incoming/assets/img/Frame 4064.png]
[aiesec.jp/lp/incoming/assets/img/Frame 4065.png]
[aiesec.jp/lp/incoming/assets/img/Frame 4066.png]
[aiesec.jp/lp/incoming/assets/img/Frame 4067.png]
[aiesec.jp/lp/incoming/assets/img/Frame 4068.png]
[aiesec.jp/lp/incoming/assets/img/Frame 4069.png]
[aiesec.jp/lp/incoming/assets/img/image_9.png]
[aiesec.jp/lp/incoming/assets/img/heading.png]
[aiesec.jp/lp/incoming/assets/img/Frame 3988.png]
[aiesec.jp/lp/incoming/assets/img/Frame 3988 (1).png]
[aiesec.jp/lp/incoming/assets/img/Group 3726.png]
[aiesec.jp/lp/incoming/assets/js/script.js]
[aiesec.jp/lp/incoming/index.html]
[aiesec.jp/lp/incoming/jp/index.html]
[aiesec.jp/_nuxt/5234f8a.js]
[aiesec.jp/_nuxt/img/news0009_1.dbbd5fd.jpg]
[aiesec.jp/_nuxt/img/news0009_2.58fac70.png]
[aiesec.jp/_nuxt/img/news0009_3.feb06e4.jpg]
[aiesec.jp/_nuxt/img/news0009_4.81d18b9.jpg]
[aiesec.jp/_nuxt/img/news0009_5.b3dbdbd.png]
[aiesec.jp/_nuxt/img/news0009_6.b532739.jpg]
[aiesec.jp/_nuxt/img/news0009_7.78f4a9d.jpg]
[aiesec.jp/_nuxt/img/news0009_8.6912064.jpg]
[aiesec.jp/_nuxt/img/news0009_9.e3097d3.jpg]
[aiesec.jp/news/0009/index.html]
[aiesec.jp/_nuxt/e16f34a.js]
[aiesec.jp/_nuxt/img/news0008_1.af724b4.jpg]
[aiesec.jp/_nuxt/img/news0008_2.c478f1e.jpg]
[aiesec.jp/news/0008/index.html]
[aiesec.jp/_nuxt/2218755.js]
[aiesec.jp/_nuxt/img/news0007_1.8db121d.jpg]
[aiesec.jp/news/0007/index.html]
[aiesec.jp/_nuxt/img/button-allow.6b5de9d.svg]
[aiesec.jp/_nuxt/img/news0007_2.a7b5161.jpg]
[aiesec.jp/_nuxt/2bc11c8.js]
[aiesec.jp/safety/final/index.html]
[aiesec.jp/_nuxt/img/ogv-logo.cc208bf.svg]
[aiesec.jp/_nuxt/img/igta-logo.b8d0a35.svg]
[aiesec.jp/_nuxt/img/instagram-colorLogo.395c5f6.svg]
[aiesec.jp/_nuxt/img/x-colorLogo.3fab58e.svg]
[aiesec.jp/lp/outgoing/assets/css/style.css]
[aiesec.jp/lp/outgoing/assets/img/project2.png]
[aiesec.jp/lp/outgoing/assets/img/sp_project_m6.png]
[aiesec.jp/lp/outgoing/assets/img/sp_project_m2.png]
[aiesec.jp/lp/outgoing/jp/project.html]
[aiesec.jp/lp/outgoing/assets/img/testimonials2.png]
[aiesec.jp/lp/outgoing/assets/img/testimonial_m1.png]
[aiesec.jp/lp/outgoing/assets/img/testimonial_m2.png]
[aiesec.jp/lp/outgoing/assets/img/testimonial_m5.png]
[aiesec.jp/lp/outgoing/assets/img/sp_testimonials2.png]
[aiesec.jp/lp/outgoing/assets/img/sp_testimonial_m1.png]
[aiesec.jp/lp/outgoing/assets/img/sp_testimonial_m4.png]
[aiesec.jp/lp/outgoing/jp/testimonials.html]
[aiesec.jp/lp/outgoing/assets/img/cv.html]
[aiesec.jp/lp/incoming/assets/css/style.css]
[aiesec.jp/lp/incoming/assets/css/style2.css]
[aiesec.jp/lp/incoming/assets/css/style3.css]
[aiesec.jp/lp/incoming/assets/img/Frame 4062.png]
[aiesec.jp/lp/incoming/jp/index.html]
[aiesec.jp/lp/incoming/assets/css/style3.css]
